%YAML:1.0
  expected: !!opencv-matrix
     rows: 1
     cols: 36
     dt: f
     data: [ 1.79805875e-01, 0., 0., 0., 5.16674936e-01, 0., 0., 0.,
         1.79805875e-01, 5.16674936e-01, 0., 0., 0., 3.59611750e-01, 0.,
         0., 0., 5.16674936e-01, 0., 0., 0., 0., 0., 0., 0., 0., 0., 0.,
         0., 0., 0., 0., 0., 0., 0., 0. ]

  signed_expected: !!opencv-matrix
     rows: 1
     cols: 72
     dt: f
     data: [ 1.73848435e-01, 0., 0., 0., 3.68550807e-01, 0., 0., 0., 0.,
         0., 0., 0., 0., 3.68550807e-01, 0., 0., 0., 1.73848435e-01,
         3.68550807e-01, 0., 0., 0., 3.47696871e-01, 0., 0., 0.,
         3.68550807e-01, 3.68550807e-01, 0., 0., 0., 0., 0., 0., 0.,
         3.68550807e-01, 0., 0., 0., 0., 0., 0., 0., 0., 0., 0., 0., 0.,
         0., 0., 0., 0., 0., 0., 0., 0., 0., 0., 0., 0., 0., 0., 0., 0.,
         0., 0., 0., 0., 0., 0., 0., 0. ]

  expected_uoccti: !!opencv-matrix
     rows: 1
     cols: 31
     dt: f
     data: [ 1.74120203e-01, 0., 0., 0., 2.19071671e-01, 0., 0., 0.,
         1.74120203e-01, 1.35599807e-01, 0., 0., 0., 1.79061919e-01, 0.,
         0., 0., 9.21377018e-02, 9.21377018e-02, 0., 0., 0.,
         9.21377018e-02, 0., 0., 0., 1.35599807e-01, 8.76286685e-01,
         1.39296162e+00, 0., 0. ]
